(Handle (clause (op (item (namespace . "cap") (name . "console.read") (kind . Capability)) (arg_types "String") (result_type . "Unit")) (params "line") (resume . "k") (body Jump (cont Var . "k") (arg . Null) (row (items))) (row (items)) (resume_row (kind . Known) (row (items)))) (body Raise (op (item (namespace . "cap") (name . "console.read") (kind . Capability)) (arg_types "String") (result_type . "Unit")) (args (String . "ok")) (resume Label . "halt") (row (items ((namespace . "cap") (name . "console.read") (kind . Capability))))) (cont Label . "halt") (row (items)))
